2026-01-22T01:32:07.8968314Z Current runner version: '2.331.0'
2026-01-22T01:32:07.8992217Z ##[group]Runner Image Provisioner
2026-01-22T01:32:07.8993110Z Hosted Compute Agent
2026-01-22T01:32:07.8993678Z Version: 20251211.462
2026-01-22T01:32:07.8994246Z Commit: 6cbad8c2bb55d58165063d031ccabf57e2d2db61
2026-01-22T01:32:07.8995016Z Build Date: 2025-12-11T16:28:49Z
2026-01-22T01:32:07.8995632Z Worker ID: {3b96813a-21ca-4604-b751-435907a86fc5}
2026-01-22T01:32:07.8996336Z ##[endgroup]
2026-01-22T01:32:07.8996865Z ##[group]Operating System
2026-01-22T01:32:07.8997448Z Ubuntu
2026-01-22T01:32:07.8997926Z 24.04.3
2026-01-22T01:32:07.8998582Z LTS
2026-01-22T01:32:07.8999056Z ##[endgroup]
2026-01-22T01:32:07.8999542Z ##[group]Runner Image
2026-01-22T01:32:07.9000106Z Image: ubuntu-24.04
2026-01-22T01:32:07.9000593Z Version: 20260111.209.1
2026-01-22T01:32:07.9001620Z Included Software: https://github.com/actions/runner-images/blob/ubuntu24/20260111.209/images/ubuntu/Ubuntu2404-Readme.md
2026-01-22T01:32:07.9003156Z Image Release: https://github.com/actions/runner-images/releases/tag/ubuntu24%2F20260111.209
2026-01-22T01:32:07.9004162Z ##[endgroup]
2026-01-22T01:32:07.9006904Z ##[group]GITHUB_TOKEN Permissions
2026-01-22T01:32:07.9009385Z Actions: write
2026-01-22T01:32:07.9009895Z ArtifactMetadata: write
2026-01-22T01:32:07.9010570Z Attestations: write
2026-01-22T01:32:07.9011093Z Checks: write
2026-01-22T01:32:07.9011561Z Contents: write
2026-01-22T01:32:07.9012110Z Deployments: write
2026-01-22T01:32:07.9012623Z Discussions: write
2026-01-22T01:32:07.9013084Z Issues: write
2026-01-22T01:32:07.9013625Z Metadata: read
2026-01-22T01:32:07.9014141Z Models: read
2026-01-22T01:32:07.9014593Z Packages: write
2026-01-22T01:32:07.9015150Z Pages: write
2026-01-22T01:32:07.9015611Z PullRequests: write
2026-01-22T01:32:07.9016224Z RepositoryProjects: write
2026-01-22T01:32:07.9016838Z SecurityEvents: write
2026-01-22T01:32:07.9017362Z Statuses: write
2026-01-22T01:32:07.9017857Z ##[endgroup]
2026-01-22T01:32:07.9020202Z Secret source: Actions
2026-01-22T01:32:07.9020939Z Prepare workflow directory
2026-01-22T01:32:07.9340710Z Prepare all required actions
2026-01-22T01:32:07.9392734Z Getting action download info
2026-01-22T01:32:08.4616635Z Download action repository 'actions/checkout@v3' (SHA:f43a0e5ff2bd294095638e18286ca9a3d1956744)
2026-01-22T01:32:08.5991169Z Download action repository 'actions/setup-java@v3' (SHA:17f84c3641ba7b8f6deff6309fc4c864478f5d62)
2026-01-22T01:32:09.2291939Z Download action repository 'subosito/flutter-action@v2' (SHA:fd55f4c5af5b953cc57a2be44cb082c8f6635e8e)
2026-01-22T01:32:09.6853744Z Download action repository 'actions/upload-artifact@v4' (SHA:ea165f8d65b6e75b540449e92b4886f43607fa02)
2026-01-22T01:32:09.8410248Z Download action repository 'softprops/action-gh-release@v1' (SHA:de2c0eb89ae2a093876385947365aca7b0e5f844)
2026-01-22T01:32:10.4367185Z Getting action download info
2026-01-22T01:32:10.6018725Z Download action repository 'actions/cache@v4' (SHA:0057852bfaa89a56745cba8c7296529d2fc39830)
2026-01-22T01:32:10.7451912Z Complete job name: build
2026-01-22T01:32:10.8125439Z ##[group]Run actions/checkout@v3
2026-01-22T01:32:10.8126115Z with:
2026-01-22T01:32:10.8126384Z   repository: 1184030957-cmd/gemini-voice-app
2026-01-22T01:32:10.8126904Z   token: ***
2026-01-22T01:32:10.8127130Z   ssh-strict: true
2026-01-22T01:32:10.8127376Z   persist-credentials: true
2026-01-22T01:32:10.8127636Z   clean: true
2026-01-22T01:32:10.8127870Z   sparse-checkout-cone-mode: true
2026-01-22T01:32:10.8128327Z   fetch-depth: 1
2026-01-22T01:32:10.8128560Z   fetch-tags: false
2026-01-22T01:32:10.8128777Z   lfs: false
2026-01-22T01:32:10.8128994Z   submodules: false
2026-01-22T01:32:10.8129220Z   set-safe-directory: true
2026-01-22T01:32:10.8130217Z ##[endgroup]
2026-01-22T01:32:10.8971817Z Syncing repository: 1184030957-cmd/gemini-voice-app
2026-01-22T01:32:10.8973234Z ##[group]Getting Git version info
2026-01-22T01:32:10.8973713Z Working directory is '/home/runner/work/gemini-voice-app/gemini-voice-app'
2026-01-22T01:32:10.8974363Z [command]/usr/bin/git version
2026-01-22T01:32:10.9069762Z git version 2.52.0
2026-01-22T01:32:10.9097161Z ##[endgroup]
2026-01-22T01:32:10.9111941Z Temporarily overriding HOME='/home/runner/work/_temp/e624d45f-926e-4597-8c49-32ed796e6b8a' before making global git config changes
2026-01-22T01:32:10.9115539Z Adding repository directory to the temporary git global config as a safe directory
2026-01-22T01:32:10.9116298Z [command]/usr/bin/git config --global --add safe.directory /home/runner/work/gemini-voice-app/gemini-voice-app
2026-01-22T01:32:10.9156720Z Deleting the contents of '/home/runner/work/gemini-voice-app/gemini-voice-app'
2026-01-22T01:32:10.9160708Z ##[group]Initializing the repository
2026-01-22T01:32:10.9164233Z [command]/usr/bin/git init /home/runner/work/gemini-voice-app/gemini-voice-app
2026-01-22T01:32:10.9309673Z hint: Using 'master' as the name for the initial branch. This default branch name
2026-01-22T01:32:10.9310712Z hint: will change to "main" in Git 3.0. To configure the initial branch name
2026-01-22T01:32:10.9311428Z hint: to use in all of your new repositories, which will suppress this warning,
2026-01-22T01:32:10.9311876Z hint: call:
2026-01-22T01:32:10.9312083Z hint:
2026-01-22T01:32:10.9312419Z hint: 	git config --global init.defaultBranch <name>
2026-01-22T01:32:10.9312949Z hint:
2026-01-22T01:32:10.9313561Z hint: Names commonly chosen instead of 'master' are 'main', 'trunk' and
2026-01-22T01:32:10.9314380Z hint: 'development'. The just-created branch can be renamed via this command:
2026-01-22T01:32:10.9314795Z hint:
2026-01-22T01:32:10.9389444Z hint: 	git branch -m <name>
2026-01-22T01:32:10.9390072Z hint:
2026-01-22T01:32:10.9390828Z hint: Disable this message with "git config set advice.defaultBranchName false"
2026-01-22T01:32:10.9392238Z Initialized empty Git repository in /home/runner/work/gemini-voice-app/gemini-voice-app/.git/
2026-01-22T01:32:10.9394340Z [command]/usr/bin/git remote add origin https://github.com/1184030957-cmd/gemini-voice-app
2026-01-22T01:32:10.9396109Z ##[endgroup]
2026-01-22T01:32:10.9396937Z ##[group]Disabling automatic garbage collection
2026-01-22T01:32:10.9397584Z [command]/usr/bin/git config --local gc.auto 0
2026-01-22T01:32:10.9399182Z ##[endgroup]
2026-01-22T01:32:10.9399834Z ##[group]Setting up auth
2026-01-22T01:32:10.9401265Z [command]/usr/bin/git config --local --name-only --get-regexp core\.sshCommand
2026-01-22T01:32:10.9428830Z [command]/usr/bin/git submodule foreach --recursive sh -c "git config --local --name-only --get-regexp 'core\.sshCommand' && git config --local --unset-all 'core.sshCommand' || :"
2026-01-22T01:32:10.9786732Z [command]/usr/bin/git config --local --name-only --get-regexp http\.https\:\/\/github\.com\/\.extraheader
2026-01-22T01:32:10.9815299Z [command]/usr/bin/git submodule foreach --recursive sh -c "git config --local --name-only --get-regexp 'http\.https\:\/\/github\.com\/\.extraheader' && git config --local --unset-all 'http.https://github.com/.extraheader' || :"
2026-01-22T01:32:11.0053636Z [command]/usr/bin/git config --local http.https://github.com/.extraheader AUTHORIZATION: basic ***
2026-01-22T01:32:11.0091620Z ##[endgroup]
2026-01-22T01:32:11.0092517Z ##[group]Fetching the repository
2026-01-22T01:32:11.0103626Z [command]/usr/bin/git -c protocol.version=2 fetch --no-tags --prune --progress --no-recurse-submodules --depth=1 origin +a3c2b9b1d76a085fbf143e0ea26dbbe4fc0ba83f:refs/remotes/origin/main
2026-01-22T01:32:11.3716123Z remote: Enumerating objects: 62, done.        
2026-01-22T01:32:11.3716833Z remote: Counting objects:   1% (1/62)        
2026-01-22T01:32:11.3717406Z remote: Counting objects:   3% (2/62)        
2026-01-22T01:32:11.3717858Z remote: Counting objects:   4% (3/62)        
2026-01-22T01:32:11.3718657Z remote: Counting objects:   6% (4/62)        
2026-01-22T01:32:11.3719266Z remote: Counting objects:   8% (5/62)        
2026-01-22T01:32:11.3719822Z remote: Counting objects:   9% (6/62)        
2026-01-22T01:32:11.3720387Z remote: Counting objects:  11% (7/62)        
2026-01-22T01:32:11.3720967Z remote: Counting objects:  12% (8/62)        
2026-01-22T01:32:11.3721667Z remote: Counting objects:  14% (9/62)        
2026-01-22T01:32:11.3722022Z remote: Counting objects:  16% (10/62)        
2026-01-22T01:32:11.3722380Z remote: Counting objects:  17% (11/62)        
2026-01-22T01:32:11.3722985Z remote: Counting objects:  19% (12/62)        
2026-01-22T01:32:11.3723370Z remote: Counting objects:  20% (13/62)        
2026-01-22T01:32:11.3723771Z remote: Counting objects:  22% (14/62)        
2026-01-22T01:32:11.3724425Z remote: Counting objects:  24% (15/62)        
2026-01-22T01:32:11.3725086Z remote: Counting objects:  25% (16/62)        
2026-01-22T01:32:11.3726088Z remote: Counting objects:  27% (17/62)        
2026-01-22T01:32:11.3726710Z remote: Counting objects:  29% (18/62)        
2026-01-22T01:32:11.3727356Z remote: Counting objects:  30% (19/62)        
2026-01-22T01:32:11.3727910Z remote: Counting objects:  32% (20/62)        
2026-01-22T01:32:11.3728599Z remote: Counting objects:  33% (21/62)        
2026-01-22T01:32:11.3729318Z remote: Counting objects:  35% (22/62)        
2026-01-22T01:32:11.3729658Z remote: Counting objects:  37% (23/62)        
2026-01-22T01:32:11.3729989Z remote: Counting objects:  38% (24/62)        
2026-01-22T01:32:11.3730321Z remote: Counting objects:  40% (25/62)        
2026-01-22T01:32:11.3730642Z remote: Counting objects:  41% (26/62)        
2026-01-22T01:32:11.3730959Z remote: Counting objects:  43% (27/62)        
2026-01-22T01:32:11.3731281Z remote: Counting objects:  45% (28/62)        
2026-01-22T01:32:11.3731611Z remote: Counting objects:  46% (29/62)        
2026-01-22T01:32:11.3731931Z remote: Counting objects:  48% (30/62)        
2026-01-22T01:32:11.3732242Z remote: Counting objects:  50% (31/62)        
2026-01-22T01:32:11.3732570Z remote: Counting objects:  51% (32/62)        
2026-01-22T01:32:11.3732891Z remote: Counting objects:  53% (33/62)        
2026-01-22T01:32:11.3733202Z remote: Counting objects:  54% (34/62)        
2026-01-22T01:32:11.3733523Z remote: Counting objects:  56% (35/62)        
2026-01-22T01:32:11.3733840Z remote: Counting objects:  58% (36/62)        
2026-01-22T01:32:11.3734162Z remote: Counting objects:  59% (37/62)        
2026-01-22T01:32:11.3734484Z remote: Counting objects:  61% (38/62)        
2026-01-22T01:32:11.3734803Z remote: Counting objects:  62% (39/62)        
2026-01-22T01:32:11.3735111Z remote: Counting objects:  64% (40/62)        
2026-01-22T01:32:11.3735425Z remote: Counting objects:  66% (41/62)        
2026-01-22T01:32:11.3735736Z remote: Counting objects:  67% (42/62)        
2026-01-22T01:32:11.3736046Z remote: Counting objects:  69% (43/62)        
2026-01-22T01:32:11.3736355Z remote: Counting objects:  70% (44/62)        
2026-01-22T01:32:11.3736658Z remote: Counting objects:  72% (45/62)        
2026-01-22T01:32:11.3736967Z remote: Counting objects:  74% (46/62)        
2026-01-22T01:32:11.3737277Z remote: Counting objects:  75% (47/62)        
2026-01-22T01:32:11.3737590Z remote: Counting objects:  77% (48/62)        
2026-01-22T01:32:11.3738309Z remote: Counting objects:  79% (49/62)        
2026-01-22T01:32:11.3738730Z remote: Counting objects:  80% (50/62)        
2026-01-22T01:32:11.3739060Z remote: Counting objects:  82% (51/62)        
2026-01-22T01:32:11.3739376Z remote: Counting objects:  83% (52/62)        
2026-01-22T01:32:11.3740039Z remote: Counting objects:  85% (53/62)        
2026-01-22T01:32:11.3740370Z remote: Counting objects:  87% (54/62)        
2026-01-22T01:32:11.3740958Z remote: Counting objects:  88% (55/62)        
2026-01-22T01:32:11.3741526Z remote: Counting objects:  90% (56/62)        
2026-01-22T01:32:11.3742071Z remote: Counting objects:  91% (57/62)        
2026-01-22T01:32:11.3742620Z remote: Counting objects:  93% (58/62)        
2026-01-22T01:32:11.3743024Z remote: Counting objects:  95% (59/62)        
2026-01-22T01:32:11.3743538Z remote: Counting objects:  96% (60/62)        
2026-01-22T01:32:11.3744066Z remote: Counting objects:  98% (61/62)        
2026-01-22T01:32:11.3744506Z remote: Counting objects: 100% (62/62)        
2026-01-22T01:32:11.3745030Z remote: Counting objects: 100% (62/62), done.        
2026-01-22T01:32:11.3745397Z remote: Compressing objects:   2% (1/45)        
2026-01-22T01:32:11.3745748Z remote: Compressing objects:   4% (2/45)        
2026-01-22T01:32:11.3746083Z remote: Compressing objects:   6% (3/45)        
2026-01-22T01:32:11.3746422Z remote: Compressing objects:   8% (4/45)        
2026-01-22T01:32:11.3746745Z remote: Compressing objects:  11% (5/45)        
2026-01-22T01:32:11.3747071Z remote: Compressing objects:  13% (6/45)        
2026-01-22T01:32:11.3747395Z remote: Compressing objects:  15% (7/45)        
2026-01-22T01:32:11.3747718Z remote: Compressing objects:  17% (8/45)        
2026-01-22T01:32:11.3748186Z remote: Compressing objects:  20% (9/45)        
2026-01-22T01:32:11.3748521Z remote: Compressing objects:  22% (10/45)        
2026-01-22T01:32:11.3748861Z remote: Compressing objects:  24% (11/45)        
2026-01-22T01:32:11.3749193Z remote: Compressing objects:  26% (12/45)        
2026-01-22T01:32:11.3749532Z remote: Compressing objects:  28% (13/45)        
2026-01-22T01:32:11.3749856Z remote: Compressing objects:  31% (14/45)        
2026-01-22T01:32:11.3750182Z remote: Compressing objects:  33% (15/45)        
2026-01-22T01:32:11.3750512Z remote: Compressing objects:  35% (16/45)        
2026-01-22T01:32:11.3750849Z remote: Compressing objects:  37% (17/45)        
2026-01-22T01:32:11.3751178Z remote: Compressing objects:  40% (18/45)        
2026-01-22T01:32:11.3751508Z remote: Compressing objects:  42% (19/45)        
2026-01-22T01:32:11.3751825Z remote: Compressing objects:  44% (20/45)        
2026-01-22T01:32:11.3752152Z remote: Compressing objects:  46% (21/45)        
2026-01-22T01:32:11.3752470Z remote: Compressing objects:  48% (22/45)        
2026-01-22T01:32:11.3752794Z remote: Compressing objects:  51% (23/45)        
2026-01-22T01:32:11.3753111Z remote: Compressing objects:  53% (24/45)        
2026-01-22T01:32:11.3753487Z remote: Compressing objects:  55% (25/45)        
2026-01-22T01:32:11.3753822Z remote: Compressing objects:  57% (26/45)        
2026-01-22T01:32:11.3754139Z remote: Compressing objects:  60% (27/45)        
2026-01-22T01:32:11.3754464Z remote: Compressing objects:  62% (28/45)        
2026-01-22T01:32:11.3754785Z remote: Compressing objects:  64% (29/45)        
2026-01-22T01:32:11.3755114Z remote: Compressing objects:  66% (30/45)        
2026-01-22T01:32:11.3755435Z remote: Compressing objects:  68% (31/45)        
2026-01-22T01:32:11.3755759Z remote: Compressing objects:  71% (32/45)        
2026-01-22T01:32:11.3756078Z remote: Compressing objects:  73% (33/45)        
2026-01-22T01:32:11.3756407Z remote: Compressing objects:  75% (34/45)        
2026-01-22T01:32:11.3756728Z remote: Compressing objects:  77% (35/45)        
2026-01-22T01:32:11.3757045Z remote: Compressing objects:  80% (36/45)        
2026-01-22T01:32:11.3757368Z remote: Compressing objects:  82% (37/45)        
2026-01-22T01:32:11.3757805Z remote: Compressing objects:  84% (38/45)        
2026-01-22T01:32:11.3758363Z remote: Compressing objects:  86% (39/45)        
2026-01-22T01:32:11.3758692Z remote: Compressing objects:  88% (40/45)        
2026-01-22T01:32:11.3759021Z remote: Compressing objects:  91% (41/45)        
2026-01-22T01:32:11.3759342Z remote: Compressing objects:  93% (42/45)        
2026-01-22T01:32:11.3759660Z remote: Compressing objects:  95% (43/45)        
2026-01-22T01:32:11.3759988Z remote: Compressing objects:  97% (44/45)        
2026-01-22T01:32:11.3760305Z remote: Compressing objects: 100% (45/45)        
2026-01-22T01:32:11.3760659Z remote: Compressing objects: 100% (45/45), done.        
2026-01-22T01:32:11.3930961Z remote: Total 62 (delta 1), reused 48 (delta 1), pack-reused 0 (from 0)        
2026-01-22T01:32:11.4073422Z From https://github.com/1184030957-cmd/gemini-voice-app
2026-01-22T01:32:11.4074313Z  * [new ref]         a3c2b9b1d76a085fbf143e0ea26dbbe4fc0ba83f -> origin/main
2026-01-22T01:32:11.4104777Z ##[endgroup]
2026-01-22T01:32:11.4105614Z ##[group]Determining the checkout info
2026-01-22T01:32:11.4107410Z ##[endgroup]
2026-01-22T01:32:11.4108201Z ##[group]Checking out the ref
2026-01-22T01:32:11.4111622Z [command]/usr/bin/git checkout --progress --force -B main refs/remotes/origin/main
2026-01-22T01:32:11.4194662Z Switched to a new branch 'main'
2026-01-22T01:32:11.4197395Z branch 'main' set up to track 'origin/main'.
2026-01-22T01:32:11.4203718Z ##[endgroup]
2026-01-22T01:32:11.4234607Z [command]/usr/bin/git log -1 --format='%H'
2026-01-22T01:32:11.4255552Z 'a3c2b9b1d76a085fbf143e0ea26dbbe4fc0ba83f'
2026-01-22T01:32:11.4490783Z ##[group]Run actions/setup-java@v3
2026-01-22T01:32:11.4491131Z with:
2026-01-22T01:32:11.4491340Z   distribution: zulu
2026-01-22T01:32:11.4491579Z   java-version: 17
2026-01-22T01:32:11.4491802Z   java-package: jdk
2026-01-22T01:32:11.4492029Z   check-latest: false
2026-01-22T01:32:11.4492256Z   server-id: github
2026-01-22T01:32:11.4492487Z   server-username: GITHUB_ACTOR
2026-01-22T01:32:11.4492775Z   server-password: GITHUB_TOKEN
2026-01-22T01:32:11.4493047Z   overwrite-settings: true
2026-01-22T01:32:11.4493288Z   job-status: success
2026-01-22T01:32:11.4493677Z   token: ***
2026-01-22T01:32:11.4493905Z ##[endgroup]
2026-01-22T01:32:11.6499012Z ##[group]Installed distributions
2026-01-22T01:32:11.6526398Z Trying to resolve the latest version from remote
2026-01-22T01:32:11.7573590Z Resolved latest version as 17.0.18+8
2026-01-22T01:32:11.7574055Z Trying to download...
2026-01-22T01:32:11.7574982Z Downloading Java 17.0.18+8 (Zulu) from https://cdn.azul.com/zulu/bin/zulu17.64.15-ca-jdk17.0.18-linux_x64.tar.gz ...
2026-01-22T01:32:13.0422931Z Extracting Java archive...
2026-01-22T01:32:13.0532338Z [command]/usr/bin/tar xz --warning=no-unknown-keyword -C /home/runner/work/_temp/8fe1b774-8eb5-4f0c-b674-d6eae6430ea8 -f /home/runner/work/_temp/f056ba05-21c0-48d0-a06d-cc0e331d4ba6
2026-01-22T01:32:15.6398403Z Java 17.0.18+8 was downloaded
2026-01-22T01:32:15.6398904Z Setting Java 17.0.18+8 as the default
2026-01-22T01:32:15.6410665Z Creating toolchains.xml for JDK version 17 from zulu
2026-01-22T01:32:15.6495108Z Writing to /home/runner/.m2/toolchains.xml
2026-01-22T01:32:15.6495713Z 
2026-01-22T01:32:15.6495884Z Java configuration:
2026-01-22T01:32:15.6496276Z   Distribution: zulu
2026-01-22T01:32:15.6496646Z   Version: 17.0.18+8
2026-01-22T01:32:15.6497140Z   Path: /opt/hostedtoolcache/Java_Zulu_jdk/17.0.18-8/x64
2026-01-22T01:32:15.6497548Z 
2026-01-22T01:32:15.6498288Z ##[endgroup]
2026-01-22T01:32:15.6517652Z Creating settings.xml with server-id: github
2026-01-22T01:32:15.6521548Z Writing to /home/runner/.m2/settings.xml
2026-01-22T01:32:15.6813115Z ##[group]Run subosito/flutter-action@v2
2026-01-22T01:32:15.6813414Z with:
2026-01-22T01:32:15.6813594Z   flutter-version: 3.13.9
2026-01-22T01:32:15.6813805Z   channel: stable
2026-01-22T01:32:15.6813989Z   architecture: X64
2026-01-22T01:32:15.6814168Z   cache: false
2026-01-22T01:32:15.6814344Z   pub-cache-path: default
2026-01-22T01:32:15.6814542Z   dry-run: false
2026-01-22T01:32:15.6814791Z   git-source: https://github.com/flutter/flutter.git
2026-01-22T01:32:15.6815085Z env:
2026-01-22T01:32:15.6815314Z   JAVA_HOME: /opt/hostedtoolcache/Java_Zulu_jdk/17.0.18-8/x64
2026-01-22T01:32:15.6815687Z   JAVA_HOME_17_X64: /opt/hostedtoolcache/Java_Zulu_jdk/17.0.18-8/x64
2026-01-22T01:32:15.6815997Z ##[endgroup]
2026-01-22T01:32:15.7965776Z ##[group]Run chmod +x "$GITHUB_ACTION_PATH/setup.sh"
2026-01-22T01:32:15.7966548Z [36;1mchmod +x "$GITHUB_ACTION_PATH/setup.sh"[0m
2026-01-22T01:32:15.8017233Z shell: /usr/bin/bash --noprofile --norc -e -o pipefail {0}
2026-01-22T01:32:15.8017822Z env:
2026-01-22T01:32:15.8018458Z   JAVA_HOME: /opt/hostedtoolcache/Java_Zulu_jdk/17.0.18-8/x64
2026-01-22T01:32:15.8019127Z   JAVA_HOME_17_X64: /opt/hostedtoolcache/Java_Zulu_jdk/17.0.18-8/x64
2026-01-22T01:32:15.8019655Z ##[endgroup]
2026-01-22T01:32:15.8504240Z ##[group]Run $GITHUB_ACTION_PATH/setup.sh -p \
2026-01-22T01:32:15.8504622Z [36;1m$GITHUB_ACTION_PATH/setup.sh -p \[0m
2026-01-22T01:32:15.8505089Z [36;1m  -n '3.13.9' \[0m
2026-01-22T01:32:15.8505294Z [36;1m  -f '' \[0m
2026-01-22T01:32:15.8505488Z [36;1m  -a 'X64' \[0m
2026-01-22T01:32:15.8505673Z [36;1m  -k '' \[0m
2026-01-22T01:32:15.8505851Z [36;1m  -c '' \[0m
2026-01-22T01:32:15.8506018Z [36;1m  -l '' \[0m
2026-01-22T01:32:15.8506198Z [36;1m  -d 'default' \[0m
2026-01-22T01:32:15.8506489Z [36;1m  -g 'https://github.com/flutter/flutter.git' \[0m
2026-01-22T01:32:15.8506803Z [36;1m  stable[0m
2026-01-22T01:32:15.8537723Z shell: /usr/bin/bash --noprofile --norc -e -o pipefail {0}
2026-01-22T01:32:15.8538222Z env:
2026-01-22T01:32:15.8538491Z   JAVA_HOME: /opt/hostedtoolcache/Java_Zulu_jdk/17.0.18-8/x64
2026-01-22T01:32:15.8538910Z   JAVA_HOME_17_X64: /opt/hostedtoolcache/Java_Zulu_jdk/17.0.18-8/x64
2026-01-22T01:32:15.8539225Z ##[endgroup]
2026-01-22T01:32:16.2817451Z ##[group]Run $GITHUB_ACTION_PATH/setup.sh \
2026-01-22T01:32:16.2817780Z [36;1m$GITHUB_ACTION_PATH/setup.sh \[0m
2026-01-22T01:32:16.2818473Z [36;1m  -n '3.13.9' \[0m
2026-01-22T01:32:16.2818694Z [36;1m  -a 'x64' \[0m
2026-01-22T01:32:16.2818986Z [36;1m  -c '/opt/hostedtoolcache/flutter/stable-3.13.9-x64' \[0m
2026-01-22T01:32:16.2819328Z [36;1m  -d '/home/runner/.pub-cache' \[0m
2026-01-22T01:32:16.2819583Z [36;1m  stable[0m
2026-01-22T01:32:16.2850262Z shell: /usr/bin/bash --noprofile --norc -e -o pipefail {0}
2026-01-22T01:32:16.2850574Z env:
2026-01-22T01:32:16.2850820Z   JAVA_HOME: /opt/hostedtoolcache/Java_Zulu_jdk/17.0.18-8/x64
2026-01-22T01:32:16.2851213Z   JAVA_HOME_17_X64: /opt/hostedtoolcache/Java_Zulu_jdk/17.0.18-8/x64
2026-01-22T01:32:16.2851536Z ##[endgroup]
2026-01-22T01:32:16.4450541Z   % Total    % Received % Xferd  Average Speed   Time    Time     Time  Current
2026-01-22T01:32:16.4451200Z                                  Dload  Upload   Total   Spent    Left  Speed
2026-01-22T01:32:16.4451593Z 
2026-01-22T01:32:16.6515811Z   0     0    0     0    0     0      0      0 --:--:-- --:--:-- --:--:--     0
2026-01-22T01:32:17.7919514Z   0  540M    0 64198    0     0   303k      0  0:30:25 --:--:--  0:30:25  302k
2026-01-22T01:32:18.6495415Z   8  540M    8 46.0M    0     0  34.1M      0  0:00:15  0:00:01  0:00:14 34.1M
2026-01-22T01:32:19.6491720Z  24  540M   24  130M    0     0  59.4M      0  0:00:09  0:00:02  0:00:07 59.3M
2026-01-22T01:32:20.6491293Z  43  540M   43  234M    0     0  73.0M      0  0:00:07  0:00:03  0:00:04 73.0M
2026-01-22T01:32:21.6493826Z  62  540M   62  339M    0     0  80.7M      0  0:00:06  0:00:04  0:00:02 80.7M
2026-01-22T01:32:22.5433965Z  82  540M   82  444M    0     0  85.4M      0  0:00:06  0:00:05  0:00:01 89.0M
2026-01-22T01:32:22.5435206Z 100  540M  100  540M    0     0  88.6M      0  0:00:06  0:00:06 --:--:--  104M
2026-01-22T01:32:45.3928473Z ##[group]Run flutter pub get
2026-01-22T01:32:45.3928888Z [36;1mflutter pub get[0m
2026-01-22T01:32:45.3968751Z shell: /usr/bin/bash -e {0}
2026-01-22T01:32:45.3968981Z env:
2026-01-22T01:32:45.3969222Z   JAVA_HOME: /opt/hostedtoolcache/Java_Zulu_jdk/17.0.18-8/x64
2026-01-22T01:32:45.3969655Z   JAVA_HOME_17_X64: /opt/hostedtoolcache/Java_Zulu_jdk/17.0.18-8/x64
2026-01-22T01:32:45.3970059Z   FLUTTER_ROOT: /opt/hostedtoolcache/flutter/stable-3.13.9-x64
2026-01-22T01:32:45.3970385Z   PUB_CACHE: /home/runner/.pub-cache
2026-01-22T01:32:45.3970621Z ##[endgroup]
2026-01-22T01:32:47.0219533Z 
2026-01-22T01:32:47.0224596Z   ╔════════════════════════════════════════════════════════════════════════════╗
2026-01-22T01:32:47.0225653Z   ║                 Welcome to Flutter! - https://flutter.dev                  ║
2026-01-22T01:32:47.0226432Z   ║                                                                            ║
2026-01-22T01:32:47.0227396Z   ║ The Flutter tool uses Google Analytics to anonymously report feature usage ║
2026-01-22T01:32:47.0228627Z   ║ statistics and basic crash reports. This data is used to help improve      ║
2026-01-22T01:32:47.0229604Z   ║ Flutter tools over time.                                                   ║
2026-01-22T01:32:47.0230764Z   ║                                                                            ║
2026-01-22T01:32:47.0231656Z   ║ Flutter tool analytics are not sent on the very first run. To disable      ║
2026-01-22T01:32:47.0232627Z   ║ reporting, type 'flutter config --no-analytics'. To display the current    ║
2026-01-22T01:32:47.0233614Z   ║ setting, type 'flutter config'. If you opt out of analytics, an opt-out    ║
2026-01-22T01:32:47.0234553Z   ║ event will be sent, and then no further information will be sent by the    ║
2026-01-22T01:32:47.0235378Z   ║ Flutter tool.                                                              ║
2026-01-22T01:32:47.0236093Z   ║                                                                            ║
2026-01-22T01:32:47.0236883Z   ║ By downloading the Flutter SDK, you agree to the Google Terms of Service.  ║
2026-01-22T01:32:47.0237820Z   ║ Note: The Google Privacy Policy describes how data is handled in this      ║
2026-01-22T01:32:47.0238899Z   ║ service.                                                                   ║
2026-01-22T01:32:47.0239612Z   ║                                                                            ║
2026-01-22T01:32:47.0240183Z   ║ Moreover, Flutter includes the Dart SDK, which may send usage metrics and  ║
2026-01-22T01:32:47.0240904Z   ║ crash reports to Google.                                                   ║
2026-01-22T01:32:47.0241406Z   ║                                                                            ║
2026-01-22T01:32:47.0241905Z   ║ Read about data we send with crash reports:                                ║
2026-01-22T01:32:47.0242541Z   ║ https://flutter.dev/docs/reference/crash-reporting                         ║
2026-01-22T01:32:47.0243093Z   ║                                                                            ║
2026-01-22T01:32:47.0243599Z   ║ See Google's privacy policy:                                               ║
2026-01-22T01:32:47.0244199Z   ║ https://policies.google.com/privacy                                        ║
2026-01-22T01:32:47.0244801Z   ╚════════════════════════════════════════════════════════════════════════════╝
2026-01-22T01:32:47.0245113Z 
2026-01-22T01:32:51.4452775Z Resolving dependencies...
2026-01-22T01:32:55.3264063Z + android_intent_plus 4.0.3 (6.0.0 available)
2026-01-22T01:32:55.3264666Z + args 2.5.0 (2.7.0 available)
2026-01-22T01:32:55.3265123Z + async 2.11.0 (2.13.0 available)
2026-01-22T01:32:55.3265565Z + characters 1.3.0 (1.4.1 available)
2026-01-22T01:32:55.3266023Z + clock 1.1.1 (1.1.2 available)
2026-01-22T01:32:55.3266460Z + collection 1.17.2 (1.19.1 available)
2026-01-22T01:32:55.3266973Z + connectivity_plus 5.0.2 (7.0.0 available)
2026-01-22T01:32:55.3268167Z + connectivity_plus_platform_interface 1.2.4 (2.0.1 available)
2026-01-22T01:32:55.3268829Z + crypto 3.0.3 (3.0.7 available)
2026-01-22T01:32:55.3269249Z + dbus 0.7.11
2026-01-22T01:32:55.3269601Z + dio 5.9.0
2026-01-22T01:32:55.3269963Z + dio_web_adapter 1.1.1 (2.1.1 available)
2026-01-22T01:32:55.3270479Z + ffi 2.1.0 (2.1.5 available)
2026-01-22T01:32:55.3270924Z + file 7.0.1
2026-01-22T01:32:55.3271277Z + flutter 0.0.0 from sdk flutter
2026-01-22T01:32:55.3271774Z + flutter_secure_storage 9.2.4 (10.0.0 available)
2026-01-22T01:32:55.3272369Z + flutter_secure_storage_linux 1.2.3 (3.0.0 available)
2026-01-22T01:32:55.3272974Z + flutter_secure_storage_macos 3.1.3 (4.0.0 available)
2026-01-22T01:32:55.3273651Z + flutter_secure_storage_platform_interface 1.1.2 (2.0.1 available)
2026-01-22T01:32:55.3274363Z + flutter_secure_storage_web 1.2.1 (2.1.0 available)
2026-01-22T01:32:55.3275017Z + flutter_secure_storage_windows 3.1.2 (4.1.0 available)
2026-01-22T01:32:55.3275427Z + flutter_tts 3.8.5 (4.2.5 available)
2026-01-22T01:32:55.3275956Z + flutter_web_plugins 0.0.0 from sdk flutter
2026-01-22T01:32:55.3276470Z + http 1.1.0 (1.6.0 available)
2026-01-22T01:32:55.3276907Z + http_parser 4.0.2 (4.1.2 available)
2026-01-22T01:32:55.3277341Z + js 0.6.7 (0.7.2 available)
2026-01-22T01:32:55.3277758Z + json_annotation 4.9.0
2026-01-22T01:32:55.3278887Z + material_color_utilities 0.5.0 (0.13.0 available)
2026-01-22T01:32:55.3279599Z + meta 1.9.1 (1.18.0 available)
2026-01-22T01:32:55.3280039Z + mime 1.0.4 (2.0.0 available)
2026-01-22T01:32:55.3280448Z + nested 1.0.0
2026-01-22T01:32:55.3280780Z + nm 0.5.0
2026-01-22T01:32:55.3281112Z + open_file 3.3.2 (3.5.11 available)
2026-01-22T01:32:55.3281603Z + package_info_plus 4.2.0 (9.0.0 available)
2026-01-22T01:32:55.3282252Z + package_info_plus_platform_interface 2.0.1 (3.2.1 available)
2026-01-22T01:32:55.3282858Z + path 1.9.0 (1.9.1 available)
2026-01-22T01:32:55.3283308Z + path_provider 2.1.3 (2.1.5 available)
2026-01-22T01:32:55.3283845Z + path_provider_android 2.2.3 (2.2.22 available)
2026-01-22T01:32:55.3284451Z + path_provider_foundation 2.3.2 (2.6.0 available)
2026-01-22T01:32:55.3285013Z + path_provider_linux 2.2.1
2026-01-22T01:32:55.3285482Z + path_provider_platform_interface 2.1.2
2026-01-22T01:32:55.3286017Z + path_provider_windows 2.2.1 (2.3.0 available)
2026-01-22T01:32:55.3286541Z + pedantic 1.11.1
2026-01-22T01:32:55.3286954Z + permission_handler 11.0.1 (12.0.1 available)
2026-01-22T01:32:55.3287554Z + permission_handler_android 11.1.0 (13.0.1 available)
2026-01-22T01:32:55.3288384Z + permission_handler_apple 9.1.4 (9.4.7 available)
2026-01-22T01:32:55.3289064Z + permission_handler_platform_interface 3.12.0 (4.3.0 available)
2026-01-22T01:32:55.3289783Z + permission_handler_windows 0.1.3 (0.2.1 available)
2026-01-22T01:32:55.3290336Z + petitparser 5.4.0 (7.0.1 available)
2026-01-22T01:32:55.3290775Z + platform 3.1.4 (3.1.6 available)
2026-01-22T01:32:55.3291196Z + plugin_platform_interface 2.1.8
2026-01-22T01:32:55.3291609Z + provider 6.1.5+1
2026-01-22T01:32:55.3291990Z + shared_preferences 2.2.3 (2.5.4 available)
2026-01-22T01:32:55.3292549Z + shared_preferences_android 2.2.1 (2.4.18 available)
2026-01-22T01:32:55.3293179Z + shared_preferences_foundation 2.3.5 (2.5.6 available)
2026-01-22T01:32:55.3293778Z + shared_preferences_linux 2.3.2 (2.4.1 available)
2026-01-22T01:32:55.3294441Z + shared_preferences_platform_interface 2.3.2 (2.4.1 available)
2026-01-22T01:32:55.3295279Z + shared_preferences_web 2.2.1 (2.4.3 available)
2026-01-22T01:32:55.3295890Z + shared_preferences_windows 2.3.2 (2.4.1 available)
2026-01-22T01:32:55.3296439Z + sky_engine 0.0.99 from sdk flutter
2026-01-22T01:32:55.3296899Z + source_span 1.10.1
2026-01-22T01:32:55.3297301Z + speech_to_text 6.6.0 (7.3.0 available)
2026-01-22T01:32:55.3297796Z + speech_to_text_macos 1.1.0
2026-01-22T01:32:55.3298443Z + speech_to_text_platform_interface 2.3.0
2026-01-22T01:32:55.3298923Z + sprintf 7.0.0
2026-01-22T01:32:55.3299276Z + string_scanner 1.4.1
2026-01-22T01:32:55.3299675Z + term_glyph 1.2.2
2026-01-22T01:32:55.3300327Z + typed_data 1.3.2 (1.4.0 available)
2026-01-22T01:32:55.3300845Z + url_launcher 6.2.4 (6.3.2 available)
2026-01-22T01:32:55.3301371Z + url_launcher_android 6.3.0 (6.3.28 available)
2026-01-22T01:32:55.3301909Z + url_launcher_ios 6.2.4 (6.3.6 available)
2026-01-22T01:32:55.3302435Z + url_launcher_linux 3.1.1 (3.2.2 available)
2026-01-22T01:32:55.3302972Z + url_launcher_macos 3.2.0 (3.2.5 available)
2026-01-22T01:32:55.3303502Z + url_launcher_platform_interface 2.3.2
2026-01-22T01:32:55.3303856Z + url_launcher_web 2.2.0 (2.4.2 available)
2026-01-22T01:32:55.3304384Z + url_launcher_windows 3.1.1 (3.1.5 available)
2026-01-22T01:32:55.3304901Z + uuid 4.2.2 (4.5.2 available)
2026-01-22T01:32:55.3305343Z + vector_math 2.1.4 (2.2.0 available)
2026-01-22T01:32:55.3305789Z + web 0.1.4-beta (1.1.1 available)
2026-01-22T01:32:55.3306213Z + win32 5.1.1 (5.15.0 available)
2026-01-22T01:32:55.3306652Z + xdg_directories 1.0.4 (1.1.0 available)
2026-01-22T01:32:55.3307119Z + xml 6.3.0 (6.6.1 available)
2026-01-22T01:32:55.3307568Z Changed 82 dependencies!
2026-01-22T01:32:55.7188665Z The Flutter CLI developer tool uses Google Analytics to report usage and diagnostic data
2026-01-22T01:32:55.7189683Z along with package dependencies, and crash reporting to send basic crash reports.
2026-01-22T01:32:55.7190628Z This data is used to help improve the Dart platform, Flutter framework, and related tools.
2026-01-22T01:32:55.7191536Z 
2026-01-22T01:32:55.7191734Z Telemetry is not sent on the very first run.
2026-01-22T01:32:55.7192330Z To disable reporting of telemetry, run this terminal command:
2026-01-22T01:32:55.7192750Z 
2026-01-22T01:32:55.7192914Z flutter --disable-telemetry.
2026-01-22T01:32:55.7193431Z If you opt out of telemetry, an opt-out event will be sent,
2026-01-22T01:32:55.7194004Z and then no further information will be sent.
2026-01-22T01:32:55.7194485Z This data is collected in accordance with the
2026-01-22T01:32:55.7195114Z Google Privacy Policy (https://policies.google.com/privacy).
2026-01-22T01:32:55.7195547Z 
2026-01-22T01:32:55.7280685Z ##[group]Run flutter build apk --release
2026-01-22T01:32:55.7281012Z [36;1mflutter build apk --release[0m
2026-01-22T01:32:55.7312451Z shell: /usr/bin/bash -e {0}
2026-01-22T01:32:55.7312674Z env:
2026-01-22T01:32:55.7312913Z   JAVA_HOME: /opt/hostedtoolcache/Java_Zulu_jdk/17.0.18-8/x64
2026-01-22T01:32:55.7313319Z   JAVA_HOME_17_X64: /opt/hostedtoolcache/Java_Zulu_jdk/17.0.18-8/x64
2026-01-22T01:32:55.7313713Z   FLUTTER_ROOT: /opt/hostedtoolcache/flutter/stable-3.13.9-x64
2026-01-22T01:32:55.7314032Z   PUB_CACHE: /home/runner/.pub-cache
2026-01-22T01:32:55.7314267Z ##[endgroup]
2026-01-22T01:32:56.2447149Z 
2026-01-22T01:34:00.1580382Z Running Gradle task 'assembleRelease'...                        
2026-01-22T01:34:00.1602645Z 
2026-01-22T01:34:00.1603197Z FAILURE: Build failed with an exception.
2026-01-22T01:34:00.1603560Z 
2026-01-22T01:34:00.1603669Z * Where:
2026-01-22T01:34:00.1604399Z Build file '/home/runner/work/gemini-voice-app/gemini-voice-app/android/app/build.gradle' line: 4
2026-01-22T01:34:00.1605068Z 
2026-01-22T01:34:00.1605200Z * What went wrong:
2026-01-22T01:34:00.1605811Z An exception occurred applying plugin request [id: 'dev.flutter.flutter-gradle-plugin']
2026-01-22T01:34:00.1606684Z > Failed to apply plugin 'dev.flutter.flutter-gradle-plugin'.
2026-01-22T01:34:00.1607346Z    > Cannot run Project.afterEvaluate(Closure) when the project is already evaluated.
2026-01-22T01:34:00.1607754Z 
2026-01-22T01:34:00.1607859Z * Try:
2026-01-22T01:34:00.1608391Z > Run with --stacktrace option to get the stack trace.
2026-01-22T01:34:00.1609152Z > Run with --info or --debug option to get more log output.
2026-01-22T01:34:00.1610193Z > Run with --scan to get full insights.
2026-01-22T01:34:00.1610867Z 
2026-01-22T01:34:00.1613283Z * Get more help at https://help.gradle.org
2026-01-22T01:34:00.1615345Z 
2026-01-22T01:34:00.1615518Z BUILD FAILED in 1m 3s
2026-01-22T01:34:00.6353769Z Running Gradle task 'assembleRelease'...                           64.3s
2026-01-22T01:34:00.6404587Z Gradle task assembleRelease failed with exit code 1
2026-01-22T01:34:00.6546651Z ##[error]Process completed with exit code 1.
2026-01-22T01:34:00.6704344Z Post job cleanup.
2026-01-22T01:34:00.6756282Z Post job cleanup.
2026-01-22T01:34:00.8499253Z Post job cleanup.
2026-01-22T01:34:00.9243724Z [command]/usr/bin/git version
2026-01-22T01:34:00.9284066Z git version 2.52.0
2026-01-22T01:34:00.9328654Z Temporarily overriding HOME='/home/runner/work/_temp/7c833297-d21d-46db-9ea6-d2deda9bab7c' before making global git config changes
2026-01-22T01:34:00.9329976Z Adding repository directory to the temporary git global config as a safe directory
2026-01-22T01:34:00.9333931Z [command]/usr/bin/git config --global --add safe.directory /home/runner/work/gemini-voice-app/gemini-voice-app
2026-01-22T01:34:00.9380666Z [command]/usr/bin/git config --local --name-only --get-regexp core\.sshCommand
2026-01-22T01:34:00.9395644Z [command]/usr/bin/git submodule foreach --recursive sh -c "git config --local --name-only --get-regexp 'core\.sshCommand' && git config --local --unset-all 'core.sshCommand' || :"
2026-01-22T01:34:00.9626723Z [command]/usr/bin/git config --local --name-only --get-regexp http\.https\:\/\/github\.com\/\.extraheader
2026-01-22T01:34:00.9647680Z http.https://github.com/.extraheader
2026-01-22T01:34:00.9659987Z [command]/usr/bin/git config --local --unset-all http.https://github.com/.extraheader
2026-01-22T01:34:00.9687647Z [command]/usr/bin/git submodule foreach --recursive sh -c "git config --local --name-only --get-regexp 'http\.https\:\/\/github\.com\/\.extraheader' && git config --local --unset-all 'http.https://github.com/.extraheader' || :"
2026-01-22T01:34:01.0012540Z Cleaning up orphan processes
2026-01-22T01:34:01.0300951Z Terminate orphan process: pid (2464) (java)
